BASE  passati=67748 falliti=0 err=0
CABL ha_dedotto                            >>> VERDE <<<  err=0  (pass 67748)
CABL si_e_trattenuto                       >>> VERDE <<<  err=0  (pass 67748)
CABL ah_sei_tu                             >>> VERDE <<<  err=0  (pass 67748)
CABL quel_posto_no                         >>> VERDE <<<  err=0  (pass 67748)
CABL era_per_me                            >>> VERDE <<<  err=0  (pass 67748)
VALV _hidden                               >>> VERDE <<<  err=0  (pass 67748)
VALV dorme()                               >>> VERDE <<<  err=0  (pass 67748)
VALV blend minimo                          >>> VERDE <<<  err=0  (pass 67748)
VALV strada minima                         >>> VERDE <<<  err=0  (pass 67748)
VALV rig assente                           ROSSE 6        err=0  (pass 67742)
         FAIL: [test_scarico.gd] mentre una che ne porta un po' per volta arriva in fondo (atteso 1, ottenuto 5)
         FAIL: [test_scarico.gd] sul thread vero il viaggio arriva in fondo (atteso 1, ottenuto 5)
         FAIL: [test_scarico.gd] e i byte sono quelli (lunghezza 0 invece di 300000)
         FAIL: [test_scarico.gd] e porta l'esito vero (atteso 1, ottenuto 5)
DOC raggio 9->15                           >>> VERDE <<<  err=0  (pass 67748)
DOC quota 0.55->1.6                        >>> VERDE <<<  err=0  (pass 67748)
DOC TREM_DX 0.73->1.0                      >>> VERDE <<<  err=0  (pass 67748)
DOC largo su imbardata                     >>> VERDE <<<  err=0  (pass 67748)
AMP capo max 0.11->0.24                    >>> VERDE <<<  err=0  (pass 67748)
AMP largo px 0.09->0.02                    >>> VERDE <<<  err=0  (pass 67748)
AMP punto ear -0.30->-0.02                 >>> VERDE <<<  err=0  (pass 67748)
AMP soma pavimento 0.72->0.10              >>> VERDE <<<  err=0  (pass 67748)
ADES capo intervallo fisso                 >>> VERDE <<<  err=0  (pass 67748)
ADES rialzo senza micro                    >>> VERDE <<<  err=0  (pass 67748)
